2025-10-19 23:33:20,277 - __main__ - INFO - ======================================================================
2025-10-19 23:33:20,277 - __main__ - INFO - INICIANDO DATA EXTRACTION PIPELINE
2025-10-19 23:33:20,277 - __main__ - INFO - ======================================================================
2025-10-19 23:33:20,277 - __main__ - INFO - FASE 1: Extraindo fabricantes...
2025-10-19 23:33:20,287 - __main__ - INFO - Carregando fabricantes no banco...
2025-10-19 23:33:20,301 - __main__ - INFO - FASE 2: Extraindo produtos...
2025-10-19 23:33:20,334 - __main__ - INFO - Transformando e carregando produtos...
2025-10-19 23:33:20,397 - __main__ - INFO -   Batch 1: 100/146 produtos
2025-10-19 23:33:20,402 - __main__ - INFO -   Batch 2: 146/146 produtos
2025-10-19 23:33:20,404 - __main__ - INFO - FASE 3: Extraindo e carregando imagens...
2025-10-19 23:33:20,407 - __main__ - INFO - Encontrados 107 produtos com imagens
2025-10-19 23:33:20,441 - __main__ - INFO - FASE 4: Populando cache Redis...
2025-10-19 23:33:20,445 - __main__ - ERROR - ERRO CRÍTICO no pipeline: Authentication required.
2025-10-19 23:33:20,446 - __main__ - INFO - Pipeline finalizado
2025-10-19 23:33:35,255 - __main__ - INFO - ======================================================================
2025-10-19 23:33:35,256 - __main__ - INFO - INICIANDO DATA EXTRACTION PIPELINE
2025-10-19 23:33:35,256 - __main__ - INFO - ======================================================================
2025-10-19 23:33:35,256 - __main__ - INFO - FASE 1: Extraindo fabricantes...
2025-10-19 23:33:35,257 - __main__ - INFO - Carregando fabricantes no banco...
2025-10-19 23:33:35,271 - __main__ - INFO - FASE 2: Extraindo produtos...
2025-10-19 23:33:35,304 - __main__ - INFO - Transformando e carregando produtos...
2025-10-19 23:33:35,365 - __main__ - INFO -   Batch 1: 100/146 produtos
2025-10-19 23:33:35,413 - __main__ - INFO -   Batch 2: 146/146 produtos
2025-10-19 23:33:35,415 - __main__ - INFO - FASE 3: Extraindo e carregando imagens...
2025-10-19 23:33:35,417 - __main__ - INFO - Encontrados 107 produtos com imagens
2025-10-19 23:33:35,450 - __main__ - INFO - FASE 4: Populando cache Redis...
2025-10-19 23:33:35,455 - __main__ - ERROR - ERRO CRÍTICO no pipeline: Authentication required.
2025-10-19 23:33:35,455 - __main__ - INFO - Pipeline finalizado
2025-10-19 23:33:46,474 - __main__ - INFO - ======================================================================
2025-10-19 23:33:46,474 - __main__ - INFO - INICIANDO DATA EXTRACTION PIPELINE
2025-10-19 23:33:46,474 - __main__ - INFO - ======================================================================
2025-10-19 23:33:46,474 - __main__ - INFO - FASE 1: Extraindo fabricantes...
2025-10-19 23:33:46,476 - __main__ - INFO - Carregando fabricantes no banco...
2025-10-19 23:33:46,493 - __main__ - INFO - FASE 2: Extraindo produtos...
2025-10-19 23:33:46,527 - __main__ - INFO - Transformando e carregando produtos...
2025-10-19 23:33:46,589 - __main__ - INFO -   Batch 1: 100/146 produtos
2025-10-19 23:33:46,644 - __main__ - INFO -   Batch 2: 146/146 produtos
2025-10-19 23:33:46,647 - __main__ - INFO - FASE 3: Extraindo e carregando imagens...
2025-10-19 23:33:46,650 - __main__ - INFO - Encontrados 107 produtos com imagens
2025-10-19 23:33:46,695 - __main__ - INFO - FASE 4: Populando cache Redis...
2025-10-19 23:33:46,701 - __main__ - ERROR - ERRO CRÍTICO no pipeline: Authentication required.
2025-10-19 23:33:46,701 - __main__ - INFO - Pipeline finalizado
